----------------------------------------------------------------------------------
      name:  <unnamed>
       log:  /Users/macbook/Desktop/18-19 Thesis/Data Processing/1996/LIM/LIM.log
  log type:  text
 opened on:   4 Feb 2019, 19:25:03

. 
. version 15

. 
. local pathName "/Users/macbook/Desktop/18-19 Thesis/fromBefore/theData/1996/"

. 
. // use the grep command to get the list of files that contains LIM
. // $ grep -l 'LIM' *.txt
. local fileList "01 CEO.txt" ///
>         "39 Regional Manager.txt" ///
>         "40 District Manager.txt" ///
>         "42 Store Manager.txt" ///
>         "43 Assistant Store Manager.txt" ///
>         "45 Full Time.txt" ///
>         "46 Part Time.txt" 

. 
. drop _all 

. 
. // create the big data file
. save LIM.dta, replace emptyok
(note: dataset contains 0 observations)
(note: file LIM.dta not found)
file LIM.dta saved

. 
. // for each data file, keep the row that has LIM information and append to the b
> ig data file
. foreach fileName in "`fileList'" {
  2. import delimited using "`pathName'`fileName'",  clear // names
  3. keep if code == "LIM"
  4. gen fileName = "`fileName'"
  5. append using LIM.dta
  6. save LIM.dta, replace 
  7. }
(10 vars, 66 obs)
(65 observations deleted)
file LIM.dta saved
(32 vars, 56 obs)
(55 observations deleted)
(note: variable title was str21, now str24 to accommodate using data's values)
file LIM.dta saved
(108 vars, 58 obs)
(57 observations deleted)
(note: variable title was str14, now str24 to accommodate using data's values)
(note: variable v15 was int, now long to accommodate using data's values)
(note: variable v26 was byte, now float to accommodate using data's values)
(note: variable v27 was int, now long to accommodate using data's values)
(note: variable bonus was int, now long to accommodate using data's values)
file LIM.dta saved
(107 vars, 59 obs)
(58 observations deleted)
(note: variable v9 was int, now long to accommodate using data's values)
(note: variable v12 was float, now double to accommodate using data's values)
(note: variable v13 was int, now long to accommodate using data's values)
(note: variable v14 was long, now double to accommodate using data's values)
(note: variable v16 was float, now double to accommodate using data's values)
(note: variable v17 was int, now long to accommodate using data's values)
(note: variable v18 was long, now double to accommodate using data's values)
(note: variable v20 was float, now double to accommodate using data's values)
(note: variable v21 was int, now long to accommodate using data's values)
(note: variable v22 was long, now double to accommodate using data's values)
(note: variable v24 was byte, now long to accommodate using data's values)
(note: variable v25 was int, now long to accommodate using data's values)
(note: variable v26 was long, now double to accommodate using data's values)
(note: variable v29 was int, now long to accommodate using data's values)
(note: variable v30 was long, now double to accommodate using data's values)
(note: variable v32 was byte, now long to accommodate using data's values)
(note: variable v33 was int, now long to accommodate using data's values)
(note: variable bonus was int, now long to accommodate using data's values)
(note: variable phhire was int, now float to accommodate using data's values)
(note: variable mihire was int, now long to accommodate using data's values)
(note: variable mehire was int, now long to accommodate using data's values)
(note: variable prhire was int, now long to accommodate using data's values)
(note: variable fileName was str20, now str23 to accommodate using data's
       values)
(note: variable reports was int, now long to accommodate using data's values)
file LIM.dta saved
(107 vars, 59 obs)
(58 observations deleted)
(note: variable low was int, now long to accommodate using data's values)
(note: variable v8 was int, now float to accommodate using data's values)
(note: variable v9 was int, now long to accommodate using data's values)
(note: variable v10 was int, now long to accommodate using data's values)
(note: variable v11 was int, now long to accommodate using data's values)
(note: variable v12 was int, now double to accommodate using data's values)
(note: variable v13 was int, now long to accommodate using data's values)
(note: variable v14 was int, now double to accommodate using data's values)
(note: variable v15 was int, now long to accommodate using data's values)
(note: variable v16 was int, now double to accommodate using data's values)
(note: variable v17 was int, now long to accommodate using data's values)
(note: variable v18 was int, now double to accommodate using data's values)
(note: variable v19 was int, now long to accommodate using data's values)
(note: variable v20 was long, now double to accommodate using data's values)
(note: variable v21 was int, now long to accommodate using data's values)
(note: variable v22 was long, now double to accommodate using data's values)
(note: variable v23 was int, now long to accommodate using data's values)
(note: variable v25 was int, now long to accommodate using data's values)
(note: variable v26 was long, now double to accommodate using data's values)
(note: variable v27 was int, now long to accommodate using data's values)
(note: variable v29 was int, now long to accommodate using data's values)
(note: variable v30 was long, now double to accommodate using data's values)
(note: variable v31 was int, now long to accommodate using data's values)
(note: variable v33 was int, now long to accommodate using data's values)
(note: variable bonus was int, now long to accommodate using data's values)
(note: variable bobase was int, now long to accommodate using data's values)
(note: variable bocomp was int, now long to accommodate using data's values)
(note: variable bohire was int, now long to accommodate using data's values)
(note: variable mabonus was int, now long to accommodate using data's values)
(note: variable libase was int, now long to accommodate using data's values)
(note: variable licomp was int, now long to accommodate using data's values)
(note: variable lihire was int, now long to accommodate using data's values)
(note: variable njbase was int, now long to accommodate using data's values)
(note: variable njcomp was int, now long to accommodate using data's values)
(note: variable njhire was int, now long to accommodate using data's values)
(note: variable wpbase was int, now long to accommodate using data's values)
(note: variable wpcomp was int, now long to accommodate using data's values)
(note: variable wphire was int, now long to accommodate using data's values)
(note: variable phbase was int, now long to accommodate using data's values)
(note: variable phcomp was int, now long to accommodate using data's values)
(note: variable phhire was int, now float to accommodate using data's values)
(note: variable wabase was int, now long to accommodate using data's values)
(note: variable wacomp was int, now long to accommodate using data's values)
(note: variable wahire was int, now long to accommodate using data's values)
(note: variable athire was int, now long to accommodate using data's values)
(note: variable mibase was int, now long to accommodate using data's values)
(note: variable micomp was int, now long to accommodate using data's values)
(note: variable mihire was int, now long to accommodate using data's values)
(note: variable mebase was int, now long to accommodate using data's values)
(note: variable mecomp was int, now long to accommodate using data's values)
(note: variable mehire was int, now long to accommodate using data's values)
(note: variable chbase was int, now long to accommodate using data's values)
(note: variable chcomp was int, now long to accommodate using data's values)
(note: variable chhire was int, now long to accommodate using data's values)
(note: variable labase was int, now long to accommodate using data's values)
(note: variable lacomp was int, now long to accommodate using data's values)
(note: variable lahire was int, now long to accommodate using data's values)
(note: variable sfhire was int, now long to accommodate using data's values)
(note: variable sebase was int, now long to accommodate using data's values)
(note: variable secomp was int, now long to accommodate using data's values)
(note: variable sehire was int, now long to accommodate using data's values)
(note: variable alhire was int, now long to accommodate using data's values)
(note: variable hihire was int, now long to accommodate using data's values)
(note: variable prbase was int, now long to accommodate using data's values)
(note: variable prcomp was int, now long to accommodate using data's values)
(note: variable prhire was int, now long to accommodate using data's values)
file LIM.dta saved
(76 vars, 58 obs)
(57 observations deleted)
(note: variable base was float, now double to accommodate using data's values)
(note: variable bonus was float, now double to accommodate using data's values)
(note: variable total was float, now double to accommodate using data's values)
(note: variable bobase was float, now double to accommodate using data's values)
(note: variable bocomp was float, now double to accommodate using data's values)
(note: variable bohire was float, now double to accommodate using data's values)
(note: variable mabase was float, now double to accommodate using data's values)
(note: variable mabonus was float, now double to accommodate using data's
       values)
(note: variable macomp was float, now double to accommodate using data's values)
(note: variable mahire was float, now double to accommodate using data's values)
(note: variable libase was float, now double to accommodate using data's values)
(note: variable licomp was float, now double to accommodate using data's values)
(note: variable lihire was float, now double to accommodate using data's values)
(note: variable njbase was float, now double to accommodate using data's values)
(note: variable njcomp was float, now double to accommodate using data's values)
(note: variable njhire was float, now double to accommodate using data's values)
(note: variable wpbase was float, now double to accommodate using data's values)
(note: variable wpcomp was float, now double to accommodate using data's values)
(note: variable wphire was float, now double to accommodate using data's values)
(note: variable phbase was float, now double to accommodate using data's values)
(note: variable phcomp was float, now double to accommodate using data's values)
(note: variable wabase was float, now double to accommodate using data's values)
(note: variable wacomp was float, now double to accommodate using data's values)
(note: variable wahire was float, now double to accommodate using data's values)
(note: variable atbase was float, now double to accommodate using data's values)
(note: variable atcomp was float, now double to accommodate using data's values)
(note: variable athire was float, now double to accommodate using data's values)
(note: variable mibase was float, now double to accommodate using data's values)
(note: variable micomp was float, now double to accommodate using data's values)
(note: variable mihire was float, now double to accommodate using data's values)
(note: variable mebase was float, now double to accommodate using data's values)
(note: variable mecomp was float, now double to accommodate using data's values)
(note: variable mehire was float, now double to accommodate using data's values)
(note: variable chbase was float, now double to accommodate using data's values)
(note: variable chcomp was float, now double to accommodate using data's values)
(note: variable chhire was float, now double to accommodate using data's values)
(note: variable labase was float, now double to accommodate using data's values)
(note: variable lacomp was float, now double to accommodate using data's values)
(note: variable lahire was float, now double to accommodate using data's values)
(note: variable sfbase was float, now double to accommodate using data's values)
(note: variable sfcomp was float, now double to accommodate using data's values)
(note: variable sfhire was float, now double to accommodate using data's values)
(note: variable sebase was float, now double to accommodate using data's values)
(note: variable secomp was float, now double to accommodate using data's values)
(note: variable sehire was float, now double to accommodate using data's values)
(note: variable albase was float, now double to accommodate using data's values)
(note: variable alcomp was float, now double to accommodate using data's values)
(note: variable alhire was float, now double to accommodate using data's values)
(note: variable hibase was float, now double to accommodate using data's values)
(note: variable hicomp was float, now double to accommodate using data's values)
(note: variable hihire was float, now double to accommodate using data's values)
(note: variable prbase was float, now double to accommodate using data's values)
(note: variable prcomp was float, now double to accommodate using data's values)
(note: variable prhire was float, now double to accommodate using data's values)
(note: variable fileName was str16, now str30 to accommodate using data's
       values)
file LIM.dta saved
(78 vars, 60 obs)
(59 observations deleted)
(note: variable base was float, now double to accommodate using data's values)
(note: variable bonus was float, now double to accommodate using data's values)
(note: variable total was float, now double to accommodate using data's values)
(note: variable bobase was float, now double to accommodate using data's values)
(note: variable bocomp was float, now double to accommodate using data's values)
(note: variable bohire was float, now double to accommodate using data's values)
(note: variable mabase was float, now double to accommodate using data's values)
(note: variable mabonus was float, now double to accommodate using data's
       values)
(note: variable macomp was float, now double to accommodate using data's values)
(note: variable mahire was float, now double to accommodate using data's values)
(note: variable libase was float, now double to accommodate using data's values)
(note: variable licomp was float, now double to accommodate using data's values)
(note: variable lihire was float, now double to accommodate using data's values)
(note: variable njbase was float, now double to accommodate using data's values)
(note: variable njcomp was float, now double to accommodate using data's values)
(note: variable njhire was float, now double to accommodate using data's values)
(note: variable wpbase was float, now double to accommodate using data's values)
(note: variable wpcomp was float, now double to accommodate using data's values)
(note: variable wphire was float, now double to accommodate using data's values)
(note: variable phbase was float, now double to accommodate using data's values)
(note: variable phcomp was float, now double to accommodate using data's values)
(note: variable wabase was float, now double to accommodate using data's values)
(note: variable wacomp was float, now double to accommodate using data's values)
(note: variable wahire was float, now double to accommodate using data's values)
(note: variable atbase was float, now double to accommodate using data's values)
(note: variable atcomp was float, now double to accommodate using data's values)
(note: variable athire was float, now double to accommodate using data's values)
(note: variable mibase was float, now double to accommodate using data's values)
(note: variable micomp was float, now double to accommodate using data's values)
(note: variable mihire was float, now double to accommodate using data's values)
(note: variable mebase was float, now double to accommodate using data's values)
(note: variable mecomp was float, now double to accommodate using data's values)
(note: variable mehire was float, now double to accommodate using data's values)
(note: variable chbase was float, now double to accommodate using data's values)
(note: variable chcomp was float, now double to accommodate using data's values)
(note: variable chhire was float, now double to accommodate using data's values)
(note: variable labase was float, now double to accommodate using data's values)
(note: variable lacomp was float, now double to accommodate using data's values)
(note: variable lahire was float, now double to accommodate using data's values)
(note: variable sfbase was float, now double to accommodate using data's values)
(note: variable sfcomp was float, now double to accommodate using data's values)
(note: variable sfhire was float, now double to accommodate using data's values)
(note: variable sebase was float, now double to accommodate using data's values)
(note: variable secomp was float, now double to accommodate using data's values)
(note: variable sehire was float, now double to accommodate using data's values)
(note: variable albase was float, now double to accommodate using data's values)
(note: variable alcomp was float, now double to accommodate using data's values)
(note: variable alhire was float, now double to accommodate using data's values)
(note: variable hibase was float, now double to accommodate using data's values)
(note: variable hicomp was float, now double to accommodate using data's values)
(note: variable hihire was float, now double to accommodate using data's values)
(note: variable prbase was float, now double to accommodate using data's values)
(note: variable prcomp was float, now double to accommodate using data's values)
(note: variable prhire was float, now double to accommodate using data's values)
(note: variable fileName was str16, now str30 to accommodate using data's
       values)
file LIM.dta saved

. 
. // load the file after appending all rows
. use LIM.dta, clear

. 
. // keep certain columns
. keep code base bonus total hire reports title reportsto fileName

. 
. // sort descending by file name 
. gsort -fileName 

. 
. // generate the pay gap between each position
. //gen payGap = total - total[_n-1]
. 
. save LIM.dta, replace
file LIM.dta saved

. 
. //outsheet code base bonus total hire reports title reportsto fileName payGap us
> ing LIM.csv, comma
. 
. exit

end of do-file


. do "/var/folders/sy/4d9t8khs1jn_xflrv2wvq20c0000gn/T//SD14206.000000"

. cd "/Users/macbook/Desktop/18-19 Thesis/Data Processing/1996/LIZ"
/Users/macbook/Desktop/18-19 Thesis/Data Processing/1996/LIZ

. 
. capture log close
